// Jest Snapshot v1, https://goo.gl/fbAQLP

exports[`HeaderLeft render without crashing passed 1`] = `
<Text
  className="headerLeft"
>
  Todos Mini App 
</Text>
`;
